
> build
> next build --webpack

▲ Next.js 16.3.4 (webpack)
⚠ Warning: Next.js inferred your workspace root, but it may not be correct.
 We detected multiple lockfiles and selected the directory of /Users/takahiro_saeki/Documents/GitHub/articles/package-lock.json as the root directory.
 To silence this warning, set `outputFileTracingRoot` in your Next.js config, or consider removing one of the lockfiles if it's not needed.
   See https://nextjs.org/docs/app/api-reference/config/next-config-js/output#caveats for more information.
 Detected additional lockfiles:
   * /Users/takahiro_saeki/Documents/GitHub/articles/experiments/article-stock-2026-09/next-batch07/package-lock.json

✓ Running next.config.mjs took 5ms

  Creating an optimized production build ...
✓ Compiled successfully in 1300ms
  Running TypeScript ...
  Finished TypeScript in 1ms ...
  Collecting page data using 11 workers ...
  Generating static pages using 11 workers (0/10) ...
  Generating static pages using 11 workers (2/10)
  Generating static pages using 11 workers (4/10)
  Generating static pages using 11 workers (7/10)
✓ Generating static pages using 11 workers (10/10) in 233ms
  Finalizing page optimization ...
  Collecting build traces ...

Route (app)
┌ ○ /
├ ○ /_not-found
├ ○ /bundle/broad
├ ○ /bundle/leaves
├ ○ /bundle/slot
├ ƒ /cache/data
├ ○ /cache/full
├ ƒ /cache/memo
└ ƒ /cache/router


○  (Static)   prerendered as static content
ƒ  (Dynamic)  server-rendered on demand
