Using Expo modules
[Expo] Enabling modular headers for pod ExpoModulesCore
[Expo] Enabling modular headers for pod React-RCTAppDelegate
[Expo] Enabling modular headers for pod React-RCTFabric
[Expo] Enabling modular headers for pod ReactAppDependencyProvider
[Expo] Enabling modular headers for pod React-Core
[Expo] Enabling modular headers for pod ReactCodegen
[Expo] Enabling modular headers for pod RCTRequired
[Expo] Enabling modular headers for pod RCTTypeSafety
[Expo] Enabling modular headers for pod ReactCommon
[Expo] Enabling modular headers for pod React-NativeModulesApple
[Expo] Enabling modular headers for pod Yoga
[Expo] Enabling modular headers for pod React-Fabric
[Expo] Enabling modular headers for pod React-graphics
[Expo] Enabling modular headers for pod React-utils
[Expo] Enabling modular headers for pod React-featureflags
[Expo] Enabling modular headers for pod React-debug
[Expo] Enabling modular headers for pod React-ImageManager
[Expo] Enabling modular headers for pod React-rendererdebug
[Expo] Enabling modular headers for pod React-jsi
[Expo] Enabling modular headers for pod React-renderercss
[Expo] Enabling modular headers for pod hermes-engine
[Expo] Enabling modular headers for pod glog
[Expo] Enabling modular headers for pod boost
[Expo] Enabling modular headers for pod DoubleConversion
[Expo] Enabling modular headers for pod fast_float
[Expo] Enabling modular headers for pod fmt
[Expo] Enabling modular headers for pod RCT-Folly
[Expo] Enabling modular headers for pod SocketRocket
[Expo] Enabling modular headers for pod RNScreens
Found 3 modules for target `Articlestartuplab`
link_native_modules! {ios_packages: [{configurations: [], name: "expo", root: "/Users/takahiro_saeki/Documents/GitHub/articles/experiments/article-stock-2026-09/mobile-batch15/node_modules/expo", path: "../node_modules/expo", podspec_path: "/Users/takahiro_saeki/Documents/GitHub/articles/experiments/article-stock-2026-09/mobile-batch15/node_modules/expo/Expo.podspec", script_phases: []}, {configurations: [], name: "react-native-screens", root: "/Users/takahiro_saeki/Documents/GitHub/articles/experiments/article-stock-2026-09/mobile-batch15/node_modules/react-native-screens", path: "../node_modules/react-native-screens", podspec_path: "/Users/takahiro_saeki/Documents/GitHub/articles/experiments/article-stock-2026-09/mobile-batch15/node_modules/react-native-screens/RNScreens.podspec", script_phases: []}, {configurations: [], name: "react-native-safe-area-context", root: "/Users/takahiro_saeki/Documents/GitHub/articles/experiments/article-stock-2026-09/mobile-batch15/node_modules/react-native-safe-area-context", path: "../node_modules/react-native-safe-area-context", podspec_path: "/Users/takahiro_saeki/Documents/GitHub/articles/experiments/article-stock-2026-09/mobile-batch15/node_modules/react-native-safe-area-context/react-native-safe-area-context.podspec", script_phases: []}], ios_project_root_path: "/Users/takahiro_saeki/Documents/GitHub/articles/experiments/article-stock-2026-09/mobile-batch15/ios", react_native_path: "../node_modules/react-native"}
Auto-linking React Native modules for target `Articlestartuplab`: RNScreens and react-native-safe-area-context
Framework build type is static library
[ReactNativeDependencies] Setting up ReactNativeDependencies...
[ReactNativeDependencies] Building from source: false
[ReactNativeDependencies] Using release tarball
[ReactNativeDependencies] Using tarball from URL: https://repo1.maven.org/maven2/com/facebook/react/react-native-artifacts/0.81.5/react-native-artifacts-0.81.5-reactnative-dependencies-debug.tar.gz
  % Total    % Received % Xferd  Average Speed   Time    Time     Time  Current
                                 Dload  Upload   Total   Spent    Left  Speed

  0     0    0     0    0     0      0      0 --:--:-- --:--:-- --:--:--     0
100   167    0   167    0     0   1400      0 --:--:-- --:--:-- --:--:--  1403

 71 18.3M   71 13.0M    0     0  15.9M      0  0:00:01 --:--:--  0:00:01 15.9M
100 18.3M  100 18.3M    0     0  18.6M      0 --:--:-- --:--:-- --:--:-- 32.0M
  % Total    % Received % Xferd  Average Speed   Time    Time     Time  Current
                                 Dload  Upload   Total   Spent    Left  Speed

  0     0    0     0    0     0      0      0 --:--:-- --:--:-- --:--:--     0
100   167    0   167    0     0   1351      0 --:--:-- --:--:-- --:--:--  1357

 77  9.9M   77 7921k    0     0  9871k      0  0:00:01 --:--:--  0:00:01 9871k
100  9.9M  100  9.9M    0     0  11.1M      0 --:--:-- --:--:-- --:--:-- 25.3M
[ReactNativeDependencies] Source: {http: "https://repo1.maven.org/maven2/com/facebook/react/react-native-artifacts/0.81.5/react-native-artifacts-0.81.5-reactnative-dependencies-debug.tar.gz"}
[ReactNativeCore] Setting up ReactNativeCore...
[ReactNativeCore] Building from source: false
[ReactNativeCore] Using tarball from URL: https://repo1.maven.org/maven2/com/facebook/react/react-native-artifacts/0.81.5/react-native-artifacts-0.81.5-reactnative-core-debug.tar.gz
  % Total    % Received % Xferd  Average Speed   Time    Time     Time  Current
                                 Dload  Upload   Total   Spent    Left  Speed

  0     0    0     0    0     0      0      0 --:--:-- --:--:-- --:--:--     0
100   167    0   167    0     0   1438      0 --:--:-- --:--:-- --:--:--  1439

  7 78.5M    7 6080k    0     0  9751k      0  0:00:08 --:--:--  0:00:08 9751k
 31 78.5M   31 24.4M    0     0  15.0M      0  0:00:05  0:00:01  0:00:04 18.5M
 70 78.5M   70 55.1M    0     0  21.0M      0  0:00:03  0:00:02  0:00:01 24.6M
 88 78.5M   88 69.3M    0     0  19.1M      0  0:00:04  0:00:03  0:00:01 21.1M
100 78.5M  100 78.5M    0     0  19.7M      0  0:00:03  0:00:03 --:--:-- 21.6M
  % Total    % Received % Xferd  Average Speed   Time    Time     Time  Current
                                 Dload  Upload   Total   Spent    Left  Speed

  0     0    0     0    0     0      0      0 --:--:-- --:--:-- --:--:--     0
100   167    0   167    0     0   1466      0 --:--:-- --:--:-- --:--:--  1477

 20 26.3M   20 5627k    0     0  9215k      0  0:00:02 --:--:--  0:00:02 9215k
100 26.3M  100 26.3M    0     0  16.5M      0  0:00:01  0:00:01 --:--:-- 21.3M
[ReactNativeCore] Source: {http: "https://repo1.maven.org/maven2/com/facebook/react/react-native-artifacts/0.81.5/react-native-artifacts-0.81.5-reactnative-core-debug.tar.gz"}
Configuring the target with the New Architecture
[ReactNativeCore] Using React Native Core and React Native Dependencies prebuilt versions.
[Codegen] Analyzing /Users/takahiro_saeki/Documents/GitHub/articles/experiments/article-stock-2026-09/mobile-batch15/package.json
[Codegen] Searching for codegen-enabled libraries in the app.
[Codegen] The "codegenConfig" field is not defined in package.json. Assuming there is nothing to generate at the app level.
[Codegen] Searching for codegen-enabled libraries in react-native.config.js
[Codegen] Found react-native-screens
[Codegen] Found react-native-safe-area-context
[Codegen] Processing rnscreens
[Codegen] Searching for podspec in the project dependencies.
[Codegen] Supported Apple platforms: ios, tvos, visionos for rnscreens
[Codegen] Processing safeareacontext
[Codegen] Searching for podspec in the project dependencies.
[Codegen] Supported Apple platforms: ios, macos, tvos, visionos for safeareacontext
[Codegen] Generating Native Code for rnscreens - ios
[Codegen] Generated artifacts: /Users/takahiro_saeki/Documents/GitHub/articles/experiments/article-stock-2026-09/mobile-batch15/ios/build/generated/ios
[Codegen] Generating Native Code for safeareacontext - ios
[Codegen] Generated artifacts: /Users/takahiro_saeki/Documents/GitHub/articles/experiments/article-stock-2026-09/mobile-batch15/ios/build/generated/ios
[Codegen] Generating RCTThirdPartyComponentsProvider.h
[Codegen] Generated artifact: /Users/takahiro_saeki/Documents/GitHub/articles/experiments/article-stock-2026-09/mobile-batch15/ios/build/generated/ios/RCTThirdPartyComponentsProvider.h
[Codegen] Generating RCTThirdPartyComponentsProvider.mm
[Codegen] Generated artifact: /Users/takahiro_saeki/Documents/GitHub/articles/experiments/article-stock-2026-09/mobile-batch15/ios/build/generated/ios/RCTThirdPartyComponentsProvider.mm
[Codegen] Generating RCTModulesProvider.h
[Codegen] Generated artifact: /Users/takahiro_saeki/Documents/GitHub/articles/experiments/article-stock-2026-09/mobile-batch15/ios/build/generated/ios/RCTModuleProviders.h
[Codegen] Generating RCTModuleProviders.mm
[Codegen] Generated artifact: /Users/takahiro_saeki/Documents/GitHub/articles/experiments/article-stock-2026-09/mobile-batch15/ios/build/generated/ios/RCTModuleProviders.mm
[Codegen] Generating RCTAppDependencyProvider
[Codegen] Generated artifact: /Users/takahiro_saeki/Documents/GitHub/articles/experiments/article-stock-2026-09/mobile-batch15/ios/build/generated/ios/RCTAppDependencyProvider.h
[Codegen] Generated artifact: /Users/takahiro_saeki/Documents/GitHub/articles/experiments/article-stock-2026-09/mobile-batch15/ios/build/generated/ios/RCTAppDependencyProvider.mm
[Codegen] Generated podspec: /Users/takahiro_saeki/Documents/GitHub/articles/experiments/article-stock-2026-09/mobile-batch15/ios/build/generated/ios/ReactAppDependencyProvider.podspec
[Codegen] Generated podspec: /Users/takahiro_saeki/Documents/GitHub/articles/experiments/article-stock-2026-09/mobile-batch15/ios/build/generated/ios/ReactCodegen.podspec
[Codegen] Done.
Analyzing dependencies
Fetching podspec for `React-Core-prebuilt` from `../node_modules/react-native/React-Core-prebuilt.podspec`
[ReactNativeCore] Using tarball from URL: https://repo1.maven.org/maven2/com/facebook/react/react-native-artifacts/0.81.5/react-native-artifacts-0.81.5-reactnative-core-debug.tar.gz
Fetching podspec for `ReactNativeDependencies` from `../node_modules/react-native/third-party-podspecs/ReactNativeDependencies.podspec`
[ReactNativeDependencies] Using release tarball
[ReactNativeDependencies] Using tarball from URL: https://repo1.maven.org/maven2/com/facebook/react/react-native-artifacts/0.81.5/react-native-artifacts-0.81.5-reactnative-dependencies-debug.tar.gz
Fetching podspec for `hermes-engine` from `../node_modules/react-native/sdks/hermes-engine/hermes-engine.podspec`
[Hermes] Using release tarball from URL: https://repo1.maven.org/maven2/com/facebook/react/react-native-artifacts/0.81.5/react-native-artifacts-0.81.5-hermes-ios-debug.tar.gz
  % Total    % Received % Xferd  Average Speed   Time    Time     Time  Current
                                 Dload  Upload   Total   Spent    Left  Speed

  0     0    0     0    0     0      0      0 --:--:-- --:--:-- --:--:--     0
  2 29.0M    2  751k    0     0  1961k      0  0:00:15 --:--:--  0:00:15 1960k
 74 29.0M   74 21.6M    0     0  15.6M      0  0:00:01  0:00:01 --:--:-- 15.6M
100 29.0M  100 29.0M    0     0  15.9M      0  0:00:01  0:00:01 --:--:-- 15.9M
  % Total    % Received % Xferd  Average Speed   Time    Time     Time  Current
                                 Dload  Upload   Total   Spent    Left  Speed

  0     0    0     0    0     0      0      0 --:--:-- --:--:-- --:--:--     0
 32 20.3M   32 6870k    0     0  12.9M      0  0:00:01 --:--:--  0:00:01 12.9M
100 20.3M  100 20.3M    0     0  16.5M      0  0:00:01  0:00:01 --:--:-- 16.5M
Downloading dependencies
Installing EXConstants (18.0.13)
Installing Expo (54.0.33)
Installing ExpoAsset (12.0.13)
Installing ExpoFileSystem (19.0.24)
Installing ExpoFont (14.0.12)
Installing ExpoHead (6.0.24)
Installing ExpoKeepAwake (15.0.8)
Installing ExpoLinking (8.0.12)
Installing ExpoModulesCore (3.0.29)
Installing ExpoSplashScreen (31.0.13)
Installing FBLazyVector (0.81.5)
Installing RCTDeprecation (0.81.5)
Installing RCTRequired (0.81.5)
Installing RCTTypeSafety (0.81.5)
Installing RNScreens (4.16.0)
Installing React (0.81.5)
Installing React-Core (0.81.5)
Installing React-Core-prebuilt (0.81.5)
Installing React-CoreModules (0.81.5)
Installing React-Fabric (0.81.5)
Installing React-FabricComponents (0.81.5)
Installing React-FabricImage (0.81.5)
Installing React-ImageManager (0.81.5)
Installing React-Mapbuffer (0.81.5)
Installing React-NativeModulesApple (0.81.5)
Installing React-RCTActionSheet (0.81.5)
Installing React-RCTAnimation (0.81.5)
Installing React-RCTAppDelegate (0.81.5)
Installing React-RCTBlob (0.81.5)
Installing React-RCTFBReactNativeSpec (0.81.5)
Installing React-RCTFabric (0.81.5)
Installing React-RCTImage (0.81.5)
Installing React-RCTLinking (0.81.5)
Installing React-RCTNetwork (0.81.5)
Installing React-RCTRuntime (0.81.5)
Installing React-RCTSettings (0.81.5)
Installing React-RCTText (0.81.5)
Installing React-RCTVibration (0.81.5)
Installing React-RuntimeApple (0.81.5)
Installing React-RuntimeCore (0.81.5)
Installing React-RuntimeHermes (0.81.5)
Installing React-callinvoker (0.81.5)
Installing React-cxxreact (0.81.5)
Installing React-debug (0.81.5)
Installing React-defaultsnativemodule (0.81.5)
Installing React-domnativemodule (0.81.5)
Installing React-featureflags (0.81.5)
Installing React-featureflagsnativemodule (0.81.5)
Installing React-graphics (0.81.5)
Installing React-hermes (0.81.5)
Installing React-idlecallbacksnativemodule (0.81.5)
Installing React-jserrorhandler (0.81.5)
Installing React-jsi (0.81.5)
Installing React-jsiexecutor (0.81.5)
Installing React-jsinspector (0.81.5)
Installing React-jsinspectorcdp (0.81.5)
Installing React-jsinspectornetwork (0.81.5)
Installing React-jsinspectortracing (0.81.5)
Installing React-jsitooling (0.81.5)
Installing React-jsitracing (0.81.5)
Installing React-logger (0.81.5)
Installing React-microtasksnativemodule (0.81.5)
Installing React-oscompat (0.81.5)
Installing React-perflogger (0.81.5)
Installing React-performancetimeline (0.81.5)
Installing React-rendererconsistency (0.81.5)
Installing React-renderercss (0.81.5)
Installing React-rendererdebug (0.81.5)
Installing React-runtimeexecutor (0.81.5)
Installing React-runtimescheduler (0.81.5)
Installing React-timing (0.81.5)
Installing React-utils (0.81.5)
Installing ReactAppDependencyProvider (0.81.5)
Installing ReactCodegen (0.81.5)
Installing ReactCommon (0.81.5)
Installing ReactNativeDependencies (0.81.5)
Installing Yoga (0.0.0)
Installing hermes-engine (0.81.5)
Installing react-native-safe-area-context (5.6.2)
Generating Pods project
Setting USE_HERMES build settings
Setting REACT_NATIVE_PATH build settings
Setting SWIFT_ACTIVE_COMPILATION_CONDITIONS build settings
[Ccache]: Removing Ccache from CC, LD, CXX & LDPLUSPLUS build settings
Setting SWIFT_ENABLE_EXPLICIT_MODULES build settings
[SPM] Cleaning old SPM dependencies from Pods project
[SPM] Adding SPM dependencies to Pods project
[Privacy Manifest Aggregation] No existing PrivacyInfo.xcprivacy file found, creating a new one.
[Privacy Manifest Aggregation] Reading .xcprivacy files to aggregate all used Required Reason APIs.
file_root: Articlestartuplab
Setting CLANG_CXX_LANGUAGE_STANDARD to c++20 on /Users/takahiro_saeki/Documents/GitHub/articles/experiments/article-stock-2026-09/mobile-batch15/ios/Articlestartuplab.xcodeproj

==================== DEPRECATION NOTICE =====================
Calling `pod install` directly is deprecated in React Native
because we are moving away from Cocoapods toward alternative
solutions to build the project.
* If you are using Expo, please run:
`npx expo run:ios`
* If you are using the Community CLI, please run:
`yarn ios`
=============================================================

Pod install took 20 [s] to run
Integrating client project

[!] Please close any current Xcode sessions and use `Articlestartuplab.xcworkspace` for this project from now on.
[Expo] Installing the build script for target Articlestartuplab
Pod installation complete! There are 80 dependencies from the Podfile and 79 total pods installed.
[Expo] Adding '[Expo Autolinking] Run Codegen with autolinking' build phase to ReactCodegen

[!] React-Core-prebuilt has added 1 script phase. Please inspect before executing a build. See `https://guides.cocoapods.org/syntax/podspec.html#script_phases` for more information.

[!] ReactNativeDependencies has added 1 script phase. Please inspect before executing a build. See `https://guides.cocoapods.org/syntax/podspec.html#script_phases` for more information.

[!] hermes-engine has added 1 script phase. Please inspect before executing a build. See `https://guides.cocoapods.org/syntax/podspec.html#script_phases` for more information.
