WARNING: Unable to determine if git directory is clean. Forcibly continuing.
Executing command: jscodeshift --parser=tsx --ignore-pattern=**/node_modules/** --ignore-pattern=**/.next/** --extensions=tsx,ts,jsx,js --transform /Users/takahiro_saeki/Documents/GitHub/articles/experiments/article-stock-2026-09/next-batch10/node_modules/@next/codemod/transforms/middleware-to-proxy.js .
Processing 17 files...
Spawning 13 workers...
Sending 2 files to free worker...
Sending 2 files to free worker...
Sending 2 files to free worker...
Sending 2 files to free worker...
Sending 2 files to free worker...
Sending 2 files to free worker...
Sending 2 files to free worker...
Sending 2 files to free worker...
Sending 1 files to free worker...
All done.
Results:
0 errors
15 unmodified
2 skipped
0 ok
Time elapsed: 0.437seconds
fatal: not a git repository (or any of the parent directories): .git
